main.c:178:1:HAL_SYSTICK_Callback	4	static
main.c:189:6:normal_display	16	static
main.c:238:6:time_setting	16	static
main.c:355:6:alarm_setting	16	static
main.c:475:6:music_select	8	static
main.c:524:6:HAL_GPIO_EXTI_Callback	16	static
main.c:535:6:update_nvitems	24	static
main.c:564:5:main	8	static
main.c:678:6:SystemClock_Config	136	static
main.c:736:13:MX_ADC1_Init	24	static
main.c:786:13:MX_I2C1_Init	8	static
main.c:832:13:MX_RTC_Init	8	static
main.c:866:13:MX_USART2_UART_Init	8	static
main.c:899:13:MX_USART3_UART_Init	8	static
main.c:932:13:MX_GPIO_Init	56	static
main.c:1036:6:Error_Handler	4	static
